C:\Users\Hugo\Projetos\front-final>npm install
npm WARN deprecated react-ontology-ribbon@0.1.1: Package moved to @flybase/react
-ontology-ribbon.
npm WARN deprecated request@2.88.2: request has been deprecated, see https://git
hub.com/request/request/issues/3142
npm WARN deprecated fsevents@1.2.13: fsevents 1 will break on node v14+ and coul
d be using insecure binaries. Upgrade to fsevents 2.
npm WARN deprecated left-pad@1.3.0: use String.prototype.padStart()
npm WARN deprecated core-js@2.6.11: core-js@<3 is no longer maintained and not r
ecommended for usage due to the number of issues. Please, upgrade your dependenc
ies to the actual version of core-js@3.

> node-sass@4.14.1 install C:\Users\Hugo\Projetos\front-final\node_modules\node-
sass
> node scripts/install.js

Downloading binary from https://github.com/sass/node-sass/releases/download/v4.1
4.1/win32-x64-72_binding.node
Download complete  ] - :
Binary saved to C:\Users\Hugo\Projetos\front-final\node_modules\node-sass\vendor
\win32-x64-72\binding.node
Caching binary to C:\Users\Hugo\AppData\Roaming\npm-cache\node-sass\4.14.1\win32
-x64-72_binding.node

> core-js@2.6.11 postinstall C:\Users\Hugo\Projetos\front-final\node_modules\bab
el-runtime\node_modules\core-js
> node -e "try{require('./postinstall')}catch(e){}"

Thank you for using core-js ( https://github.com/zloirock/core-js ) for polyfill
ing JavaScript standard library!

The project needs your help! Please consider supporting of core-js on Open Colle
ctive or Patreon:
> https://opencollective.com/core-js
> https://www.patreon.com/zloirock

Also, the author of core-js ( https://github.com/zloirock ) is looking for a goo
d job -)


> core-js@3.6.5 postinstall C:\Users\Hugo\Projetos\front-final\node_modules\core
-js
> node -e "try{require('./postinstall')}catch(e){}"


> core-js-pure@3.6.5 postinstall C:\Users\Hugo\Projetos\front-final\node_modules
\core-js-pure
> node -e "try{require('./postinstall')}catch(e){}"


> node-sass@4.14.1 postinstall C:\Users\Hugo\Projetos\front-final\node_modules\n
ode-sass
> node scripts/build.js

Binary found at C:\Users\Hugo\Projetos\front-final\node_modules\node-sass\vendor
\win32-x64-72\binding.node
Testing binary
Binary is fine

> styled-components@4.4.1 postinstall C:\Users\Hugo\Projetos\front-final\node_mo
dules\styled-components
> node ./scripts/postinstall.js || exit 0

Use styled-components at work? Consider supporting our development efforts at ht
tps://opencollective.com/styled-components
npm notice created a lockfile as package-lock.json. You should commit this file.

npm WARN optional SKIPPING OPTIONAL DEPENDENCY: fsevents@2.1.2 (node_modules\rea
ct-scripts\node_modules\fsevents):
npm WARN notsup SKIPPING OPTIONAL DEPENDENCY: Unsupported platform for fsevents@
2.1.2: wanted {"os":"darwin","arch":"any"} (current: {"os":"win32","arch":"x64"}
)
npm WARN optional SKIPPING OPTIONAL DEPENDENCY: fsevents@^1.2.7 (node_modules\je
st-haste-map\node_modules\fsevents):
npm WARN notsup SKIPPING OPTIONAL DEPENDENCY: Unsupported platform for fsevents@
1.2.13: wanted {"os":"darwin","arch":"any"} (current: {"os":"win32","arch":"x64"
})
npm WARN optional SKIPPING OPTIONAL DEPENDENCY: fsevents@^1.2.7 (node_modules\wa
tchpack-chokidar2\node_modules\chokidar\node_modules\fsevents):
npm WARN notsup SKIPPING OPTIONAL DEPENDENCY: Unsupported platform for fsevents@
1.2.13: wanted {"os":"darwin","arch":"any"} (current: {"os":"win32","arch":"x64"
})
npm WARN optional SKIPPING OPTIONAL DEPENDENCY: fsevents@^1.2.7 (node_modules\we
bpack-dev-server\node_modules\chokidar\node_modules\fsevents):
npm WARN notsup SKIPPING OPTIONAL DEPENDENCY: Unsupported platform for fsevents@
1.2.13: wanted {"os":"darwin","arch":"any"} (current: {"os":"win32","arch":"x64"
})
npm WARN react-ontology-ribbon@0.1.1 requires a peer of react@ but none is insta
lled. You must install peer dependencies yourself.
npm WARN react-scripts@3.4.1 requires a peer of typescript@^3.2.1 but none is in
stalled. You must install peer dependencies yourself.
npm WARN sass-loader@8.0.2 requires a peer of sass@^1.3.0 but none is installed.
 You must install peer dependencies yourself.
npm WARN sass-loader@8.0.2 requires a peer of fibers@>= 3.1.0 but none is instal
led. You must install peer dependencies yourself.
npm WARN tsutils@3.17.1 requires a peer of typescript@>=2.8.0 || >= 3.2.0-dev ||
 >= 3.3.0-dev || >= 3.4.0-dev || >= 3.5.0-dev || >= 3.6.0-dev || >= 3.6.0-beta |
| >= 3.7.0-dev || >= 3.7.0-beta but none is installed. You must install peer dep
endencies yourself.

added 1687 packages from 734 contributors, removed 32 packages and audited 1785
packages in 520.436s
found 1 low severity vulnerability
  run `npm audit fix` to fix them, or `npm audit` for details

C:\Users\Hugo\Projetos\front-final>npm audit fix
npm WARN react-ontology-ribbon@0.1.1 requires a peer of react@ but none is insta
lled. You must install peer dependencies yourself.
npm WARN react-scripts@3.4.1 requires a peer of typescript@^3.2.1 but none is in
stalled. You must install peer dependencies yourself.
npm WARN sass-loader@8.0.2 requires a peer of sass@^1.3.0 but none is installed.
 You must install peer dependencies yourself.
npm WARN sass-loader@8.0.2 requires a peer of fibers@>= 3.1.0 but none is instal
led. You must install peer dependencies yourself.
npm WARN tsutils@3.17.1 requires a peer of typescript@>=2.8.0 || >= 3.2.0-dev ||
 >= 3.3.0-dev || >= 3.4.0-dev || >= 3.5.0-dev || >= 3.6.0-dev || >= 3.6.0-beta |
| >= 3.7.0-dev || >= 3.7.0-beta but none is installed. You must install peer dep
endencies yourself.
npm WARN optional SKIPPING OPTIONAL DEPENDENCY: fsevents@2.1.2 (node_modules\fse
vents):
npm WARN notsup SKIPPING OPTIONAL DEPENDENCY: Unsupported platform for fsevents@
2.1.2: wanted {"os":"darwin","arch":"any"} (current: {"os":"win32","arch":"x64"}
)
npm WARN optional SKIPPING OPTIONAL DEPENDENCY: fsevents@1.2.13 (node_modules\je
st-haste-map\node_modules\fsevents):
npm WARN notsup SKIPPING OPTIONAL DEPENDENCY: Unsupported platform for fsevents@
1.2.13: wanted {"os":"darwin","arch":"any"} (current: {"os":"win32","arch":"x64"
})
npm WARN optional SKIPPING OPTIONAL DEPENDENCY: fsevents@1.2.13 (node_modules\wa
tchpack-chokidar2\node_modules\fsevents):
npm WARN notsup SKIPPING OPTIONAL DEPENDENCY: Unsupported platform for fsevents@
1.2.13: wanted {"os":"darwin","arch":"any"} (current: {"os":"win32","arch":"x64"
})
npm WARN optional SKIPPING OPTIONAL DEPENDENCY: fsevents@1.2.13 (node_modules\we
bpack-dev-server\node_modules\fsevents):
npm WARN notsup SKIPPING OPTIONAL DEPENDENCY: Unsupported platform for fsevents@
Compiled with warnings.

./src/components/Atividade.js
  Line 17:8:  'history' is defined but never used  no-unused-vars
  Line 26:8:  'Planos' is defined but never used   no-unused-vars

./src/components/LeftMenu1.js
  Line 3:10:  'Link' is defined but never used          no-unused-vars
  Line 8:8:   'List' is defined but never used          no-unused-vars
  Line 9:8:   'ListItem' is defined but never used      no-unused-vars
  Line 10:8:  'ListItemIcon' is defined but never used  no-unused-vars
  Line 11:8:  'ListItemText' is defined but never used  no-unused-vars
  Line 13:8:  'MailIcon' is defined but never used      no-unused-vars
  Line 14:8:  'InboxIcon' is defined but never used     no-unused-vars

./src/pages/Edit.js
  Line 3:8:    'Typography' is defined but never used         no-unused-vars
  Line 8:8:    'InputLabel' is defined but never used         no-unused-vars
  Line 14:8:   'FormControl' is defined but never used        no-unused-vars
  Line 72:17:  'response' is assigned a value but never used  no-unused-vars

./src/components/Header.js
  Line 5:8:   'Badge' is defined but never used              no-unused-vars
  Line 9:8:   'AccountCircle' is defined but never used      no-unused-vars
  Line 10:8:  'MailIcon' is defined but never used           no-unused-vars
  Line 12:8:  'NotificationsIcon' is defined but never used  no-unused-vars
  Line 13:8:  'history' is defined but never used            no-unused-vars

./src/components/Planos.js
  Line 6:10:    'Link' is defined but never used
                                                              no-unused-vars
  Line 23:11:   'id' is assigned a value but never used
                                                              no-unused-vars
  Line 143:99:  Using target="_blank" without rel="noopener noreferrer" is a sec
urity risk: see https://mathiasbynens.github.io/rel-noopener  react/jsx-no-targe
t-blank

./src/pages/Register.js
  Line 9:8:    'Chip' is defined but never used               no-unused-vars
  Line 16:10:  'makeStyles' is defined but never used         no-unused-vars
  Line 79:17:  'response' is assigned a value but never used  no-unused-vars

Search for the keywords to learn more about each warning.
To ignore, add // eslint-disable-next-line to the line before.

C:\Users\Hugo\Projetos\front-final>npm install
npm WARN deprecated @types/testing-library__dom@7.5.0: This is a stub types defi
nition. testing-library__dom provides its own type definitions, so you do not ne
ed this installed.
npm WARN connected-react-router@6.8.0 requires a peer of immutable@^3.8.1 || ^4.
0.0-rc.1 but none is installed. You must install peer dependencies yourself.
npm WARN connected-react-router@6.8.0 requires a peer of seamless-immutable@^7.1
.3 but none is installed. You must install peer dependencies yourself.
npm WARN react-ontology-ribbon@0.1.1 requires a peer of react@ but none is insta
lled. You must install peer dependencies yourself.
npm WARN react-scripts@3.4.1 requires a peer of typescript@^3.2.1 but none is in
stalled. You must install peer dependencies yourself.
npm WARN sass-loader@8.0.2 requires a peer of sass@^1.3.0 but none is installed.
 You must install peer dependencies yourself.
npm WARN sass-loader@8.0.2 requires a peer of fibers@>= 3.1.0 but none is instal
led. You must install peer dependencies yourself.
npm WARN tsutils@3.17.1 requires a peer of typescript@>=2.8.0 || >= 3.2.0-dev ||
 >= 3.3.0-dev || >= 3.4.0-dev || >= 3.5.0-dev || >= 3.6.0-dev || >= 3.6.0-beta |
| >= 3.7.0-dev || >= 3.7.0-beta but none is installed. You must install peer dep
endencies yourself.
npm WARN optional SKIPPING OPTIONAL DEPENDENCY: fsevents@2.1.2 (node_modules\fse
vents):
npm WARN notsup SKIPPING OPTIONAL DEPENDENCY: Unsupported platform for fsevents@
2.1.2: wanted {"os":"darwin","arch":"any"} (current: {"os":"win32","arch":"x64"}
)
npm WARN optional SKIPPING OPTIONAL DEPENDENCY: fsevents@1.2.13 (node_modules\je
st-haste-map\node_modules\fsevents):
npm WARN notsup SKIPPING OPTIONAL DEPENDENCY: Unsupported platform for fsevents@
1.2.13: wanted {"os":"darwin","arch":"any"} (current: {"os":"win32","arch":"x64"
})
npm WARN optional SKIPPING OPTIONAL DEPENDENCY: fsevents@1.2.13 (node_modules\wa
tchpack-chokidar2\node_modules\fsevents):
npm WARN notsup SKIPPING OPTIONAL DEPENDENCY: Unsupported platform for fsevents@
1.2.13: wanted {"os":"darwin","arch":"any"} (current: {"os":"win32","arch":"x64"
})
npm WARN optional SKIPPING OPTIONAL DEPENDENCY: fsevents@1.2.13 (node_modules\we
bpack-dev-server\node_modules\fsevents):
npm WARN notsup SKIPPING OPTIONAL DEPENDENCY: Unsupported platform for fsevents@
1.2.13: wanted {"os":"darwin","arch":"any"} (current: {"os":"win32","arch":"x64"
})

added 39 packages from 35 contributors and audited 1879 packages in 23.364s
found 1 low severity vulnerability
  run `npm audit fix` to fix them, or `npm audit` for details

C:\Users\Hugo\Projetos\front-final>npm install
npm WARN deprecated request@2.81.0: request has been deprecated, see https://git
hub.com/request/request/issues/3142
npm WARN deprecated core-js@1.2.7: core-js@<2.6.5 is no longer maintained. Pleas
e, upgrade to core-js@3 or at least to actual version of core-js@2.
npm WARN deprecated minimatch@2.0.10: Please update to minimatch 3.0.2 or higher
 to avoid a RegExp DoS issue
npm WARN deprecated hawk@3.1.3: This module moved to @hapi/hawk. Please make sur
e to switch over as this distribution is no longer supported and may contain bug
s and critical security issues.
npm WARN deprecated hoek@2.16.3: This version has been deprecated in accordance
with the hapi support policy (hapi.im/support). Please upgrade to the latest ver
sion to get the best features, bug fixes, and security patches. If you are unabl
e to upgrade at this time, paid support is available for older versions (hapi.im
/commercial).
npm WARN deprecated boom@2.10.1: This version has been deprecated in accordance
with the hapi support policy (hapi.im/support). Please upgrade to the latest ver
sion to get the best features, bug fixes, and security patches. If you are unabl
e to upgrade at this time, paid support is available for older versions (hapi.im
/commercial).
npm WARN deprecated cryptiles@2.0.5: This version has been deprecated in accorda
nce with the hapi support policy (hapi.im/support). Please upgrade to the latest
 version to get the best features, bug fixes, and security patches. If you are u
nable to upgrade at this time, paid support is available for older versions (hap
i.im/commercial).
npm WARN deprecated sntp@1.0.9: This module moved to @hapi/sntp. Please make sur
e to switch over as this distribution is no longer supported and may contain bug
s and critical security issues.
npm WARN deprecated fsevents@1.2.13: fsevents 1 will break on node v14+ and coul
d be using insecure binaries. Upgrade to fsevents 2.

> node@14.5.0 preinstall C:\Users\Hugo\Projetos\front-final\node_modules\node
> node installArchSpecificPackage

+ node-win-x64@14.5.0
added 1 package in 3.382s
found 0 vulnerabilities

npm WARN optional SKIPPING OPTIONAL DEPENDENCY: fsevents@^1.0.0 (node_modules\re
act-build\node_modules\chokidar\node_modules\fsevents):
npm WARN notsup SKIPPING OPTIONAL DEPENDENCY: Unsupported platform for fsevents@
1.2.13: wanted {"os":"darwin","arch":"any"} (current: {"os":"win32","arch":"x64"
})
npm WARN @material-ui/core@4.11.0 requires a peer of react-dom@^16.8.0 but none
is installed. You must install peer dependencies yourself.
npm WARN @material-ui/icons@4.9.1 requires a peer of react-dom@^16.8.0 but none
is installed. You must install peer dependencies yourself.
npm WARN @material-ui/styles@4.10.0 requires a peer of react-dom@^16.8.0 but non
e is installed. You must install peer dependencies yourself.
npm WARN @material-ui/system@4.9.14 requires a peer of react-dom@^16.8.0 but non
e is installed. You must install peer dependencies yourself.
npm WARN @material-ui/utils@4.10.2 requires a peer of react-dom@^16.8.0 but none
 is installed. You must install peer dependencies yourself.
npm WARN @semantic-ui-react/event-stack@3.1.1 requires a peer of react-dom@^16.0
.0 but none is installed. You must install peer dependencies yourself.
npm WARN @testing-library/react@9.5.0 requires a peer of react-dom@* but none is
 installed. You must install peer dependencies yourself.
npm WARN @unform/web@2.1.3 requires a peer of react-dom@^16.8.0 but none is inst
Failed to compile.

./src/index.scss (./node_modules/css-loader/dist/cjs.js??ref--6-oneOf-5-1!./node
_modules/postcss-loader/src??postcss!./node_modules/resolve-url-loader??ref--6-o
neOf-5-3!./node_modules/sass-loader/dist/cjs.js??ref--6-oneOf-5-4!./src/index.sc
ss)
Error: Missing binding C:\Users\Hugo\Projetos\front-final\node_modules\node-sass
\vendor\win32-x64-83\binding.node
Node Sass could not find a binding for your current environment: Windows 64-bit
with Node.js 14.x

Found bindings for the following environments:
  - Windows 64-bit with Node.js 12.x

This usually happens because your environment has changed since running `npm ins
tall`.
Run `npm rebuild node-sass` to download the binding for your current environment
.
Error from chokidar (C:\): Error: EBUSY: resource busy or locked, lstat 'C:\hibe
rfil.sys'
Deseja finalizar o arquivo em lotes (S/N)? S

C:\Users\Hugo\Projetos\front-final>node -version
node: bad option: -version

C:\Users\Hugo\Projetos\front-final>node -v
v12.1.0

C:\Users\Hugo\Projetos\front-final>npm update node

C:\Users\Hugo\Projetos\front-final>node -v
v12.1.0

C:\Users\Hugo\Projetos\front-final>npm rebuild node-sass

> node-sass@4.14.1 install C:\Users\Hugo\Projetos\front-final\node_modules\node-
sass
> node scripts/install.js

Cached binary found at C:\Users\Hugo\AppData\Roaming\npm-cache\node-sass\4.14.1\
win32-x64-83_binding.node

> node-sass@4.14.1 postinstall C:\Users\Hugo\Projetos\front-final\node_modules\n
ode-sass
> node scripts/build.js

Binary found at C:\Users\Hugo\Projetos\front-final\node_modules\node-sass\vendor
\win32-x64-83\binding.node
Testing binary
Binary is fine
node-sass@4.14.1 C:\Users\Hugo\Projetos\front-final\node_modules\node-sass

C:\Users\Hugo\Projetos\front-final>npm install

> node@12.18.2 preinstall C:\Users\Hugo\Projetos\front-final\node_modules\node
> node installArchSpecificPackage

+ node-win-x64@12.18.2
added 1 package in 6.108s
found 0 vulnerabilities

npm WARN @material-ui/core@4.11.0 requires a peer of react-dom@^16.8.0 but none
is installed. You must install peer dependencies yourself.
npm WARN @material-ui/icons@4.9.1 requires a peer of react-dom@^16.8.0 but none
is installed. You must install peer dependencies yourself.
npm WARN @material-ui/styles@4.10.0 requires a peer of react-dom@^16.8.0 but non
e is installed. You must install peer dependencies yourself.
npm WARN @material-ui/system@4.9.14 requires a peer of react-dom@^16.8.0 but non
e is installed. You must install peer dependencies yourself.
npm WARN @material-ui/utils@4.10.2 requires a peer of react-dom@^16.8.0 but none
 is installed. You must install peer dependencies yourself.
npm WARN @semantic-ui-react/event-stack@3.1.1 requires a peer of react-dom@^16.0
.0 but none is installed. You must install peer dependencies yourself.
npm WARN @testing-library/react@9.5.0 requires a peer of react-dom@* but none is
 installed. You must install peer dependencies yourself.
npm WARN @unform/web@2.1.3 requires a peer of react-dom@^16.8.0 but none is inst
alled. You must install peer dependencies yourself.
npm WARN connected-react-router@6.8.0 requires a peer of immutable@^3.8.1 || ^4.
0.0-rc.1 but none is installed. You must install peer dependencies yourself.
npm WARN connected-react-router@6.8.0 requires a peer of seamless-immutable@^7.1
Failed to compile.

./node_modules/@material-ui/core/esm/ButtonBase/ButtonBase.js
Module not found: Can't resolve 'react-dom' in 'C:\Users\Hugo\Projetos\front-fin
al\node_modules\@material-ui\core\esm\ButtonBase'
Compiled with warnings.